// Jest Snapshot v1, https://goo.gl/fbAQLP

exports[`App component changes the class when hovered 1`] = `
<div
  className="MuiBox-root css-ap43ky"
  onClick={[Function]}
>
  <div
    className="MuiBox-root css-19r1ja7"
  />
  <div
    className="MuiBox-root css-nqwcj5"
  >
    <div
      className="MuiBox-root css-0"
    >
      <b>
        Peso
      </b>
       
      3 - 6
       kg
    </div>
  </div>
</div>
`;
